Starting Architectural Sweep: Baseline vs Prefetch
--------------------------------------------------
Profiling Baseline (No Prefetch):
INFO: You are running LIKWID in a cpuset with 8 CPUs. Taking given IDs as logical ID in cpuset
--------------------------------------------------------------------------------
CPU name:	AMD EPYC 9254 24-Core Processor                
CPU type:	AMD K19 (Zen4) architecture
CPU clock:	2.90 GHz
--------------------------------------------------------------------------------
Result y: [5, 8, 9]
Verification Successful!
--------------------------------------------------------------------------------
Group 1: L2CACHE
+--------------------------------+---------+-------------+-------------+-------------+-------------+-------------+-------------+-------------+-------------+
|              Event             | Counter | HWThread 20 | HWThread 21 | HWThread 22 | HWThread 23 | HWThread 68 | HWThread 69 | HWThread 70 | HWThread 71 |
+--------------------------------+---------+-------------+-------------+-------------+-------------+-------------+-------------+-------------+-------------+
|  REQUESTS_TO_L2_GRP1_ALL_NO_PF |   PMC0  |     5180147 |       26783 |        2787 |       48317 |       14369 |       16519 |        2506 |        6439 |
|         L2_PF_HIT_IN_L2        |   PMC1  |     1353070 |         167 |          50 |        9469 |         214 |         174 |          66 |         102 |
|         L2_PF_HIT_IN_L3        |   PMC2  |      552477 |         204 |         154 |        1552 |         193 |         114 |          75 |         174 |
|        L2_PF_MISS_IN_L3        |   PMC3  |      173956 |          59 |          15 |        5843 |          63 |          19 |          14 |         121 |
| CORE_TO_L2_CACHE_REQUESTS_HITS |   PMC4  |     3835307 |       24947 |        3802 |       36379 |       13533 |       17383 |        4067 |        5153 |
|      RETIRED_INSTRUCTIONS      |   PMC5  |   389505474 |     2163150 |     2138227 |     4127528 |     2160290 |     2154063 |     2139431 |       54812 |
+--------------------------------+---------+-------------+-------------+-------------+-------------+-------------+-------------+-------------+-------------+

+-------------------------------------+---------+-----------+-------+-----------+--------------+
|                Event                | Counter |    Sum    |  Min  |    Max    |      Avg     |
+-------------------------------------+---------+-----------+-------+-----------+--------------+
|  REQUESTS_TO_L2_GRP1_ALL_NO_PF STAT |   PMC0  |   5297867 |  2506 |   5180147 |  662233.3750 |
|         L2_PF_HIT_IN_L2 STAT        |   PMC1  |   1363312 |    50 |   1353070 |       170414 |
|         L2_PF_HIT_IN_L3 STAT        |   PMC2  |    554943 |    75 |    552477 |   69367.8750 |
|        L2_PF_MISS_IN_L3 STAT        |   PMC3  |    180090 |    14 |    173956 |   22511.2500 |
| CORE_TO_L2_CACHE_REQUESTS_HITS STAT |   PMC4  |   3940571 |  3802 |   3835307 |  492571.3750 |
|      RETIRED_INSTRUCTIONS STAT      |   PMC5  | 404442975 | 54812 | 389505474 | 5.055537e+07 |
+-------------------------------------+---------+-----------+-------+-----------+--------------+

+----------------------+--------------+--------------+--------------+--------------+--------------+--------------+--------------+--------------+
|        Metric        |  HWThread 20 |  HWThread 21 |  HWThread 22 |  HWThread 23 |  HWThread 68 |  HWThread 69 |  HWThread 70 |  HWThread 71 |
+----------------------+--------------+--------------+--------------+--------------+--------------+--------------+--------------+--------------+
|  Runtime (RDTSC) [s] |       0.1307 |       0.1307 |       0.1307 |       0.1307 |       0.1307 |       0.1307 |       0.1307 |       0.1307 |
| Runtime unhalted [s] | 3.448619e-10 | 3.448619e-10 | 3.448619e-10 | 3.448619e-10 | 3.448619e-10 | 3.448619e-10 | 3.448619e-10 | 3.448619e-10 |
|    L2 request rate   |       0.0186 |       0.0126 |       0.0014 |       0.0158 |       0.0069 |       0.0078 |       0.0012 |       0.1247 |
|     L2 miss rate     |       0.0053 |       0.0010 |      -0.0004 |       0.0047 |       0.0005 |      -0.0003 |      -0.0007 |       0.0288 |
|     L2 miss ratio    |       0.2853 |       0.0771 |      -0.2814 |       0.2966 |       0.0736 |      -0.0434 |      -0.5532 |       0.2313 |
|      L2 accesses     |      7259650 |        27213 |         3006 |        65181 |        14839 |        16826 |         2661 |         6836 |
|        L2 hits       |      5188377 |        25114 |         3852 |        45848 |        13747 |        17557 |         4133 |         5255 |
|       L2 misses      |      2071273 |         2099 |         -846 |        19333 |         1092 |         -731 |        -1472 |         1581 |
+----------------------+--------------+--------------+--------------+--------------+--------------+--------------+--------------+--------------+

+---------------------------+--------------+--------------+--------------+--------------+
|           Metric          |      Sum     |      Min     |      Max     |      Avg     |
+---------------------------+--------------+--------------+--------------+--------------+
|  Runtime (RDTSC) [s] STAT |       1.0456 |       0.1307 |       0.1307 |       0.1307 |
| Runtime unhalted [s] STAT | 2.758895e-09 | 3.448619e-10 | 3.448619e-10 | 3.448619e-10 |
|    L2 request rate STAT   |       0.1890 |       0.0012 |       0.1247 |       0.0236 |
|     L2 miss rate STAT     |       0.0389 |      -0.0007 |       0.0288 |       0.0049 |
|     L2 miss ratio STAT    |       0.0859 |      -0.5532 |       0.2966 |       0.0107 |
|      L2 accesses STAT     |      7396212 |         2661 |      7259650 |  924526.5000 |
|        L2 hits STAT       |      5303883 |         3852 |      5188377 |  662985.3750 |
|       L2 misses STAT      |      2092329 |        -1472 |      2071273 |  261541.1250 |
+---------------------------+--------------+--------------+--------------+--------------+


--------------------------------------------------
Profiling Prefetch with k=1:
INFO: You are running LIKWID in a cpuset with 8 CPUs. Taking given IDs as logical ID in cpuset
--------------------------------------------------------------------------------
CPU name:	AMD EPYC 9254 24-Core Processor                
CPU type:	AMD K19 (Zen4) architecture
CPU clock:	2.90 GHz
--------------------------------------------------------------------------------
Prefetch Distance (k): 1
Result y: [5, 8, 9]
--------------------------------------------------------------------------------
Group 1: L2CACHE
+--------------------------------+---------+-------------+-------------+-------------+-------------+-------------+-------------+-------------+-------------+
|              Event             | Counter | HWThread 20 | HWThread 21 | HWThread 22 | HWThread 23 | HWThread 68 | HWThread 69 | HWThread 70 | HWThread 71 |
+--------------------------------+---------+-------------+-------------+-------------+-------------+-------------+-------------+-------------+-------------+
|  REQUESTS_TO_L2_GRP1_ALL_NO_PF |   PMC0  |     5134185 |       30962 |        2302 |       24736 |        2534 |        2239 |       49021 |        5871 |
|         L2_PF_HIT_IN_L2        |   PMC1  |     1364242 |         193 |          68 |         315 |          97 |         111 |        9551 |         139 |
|         L2_PF_HIT_IN_L3        |   PMC2  |      550382 |         189 |         178 |         192 |         105 |         106 |        1720 |         129 |
|        L2_PF_MISS_IN_L3        |   PMC3  |      179909 |          54 |          17 |          61 |          29 |          17 |        5880 |         135 |
| CORE_TO_L2_CACHE_REQUESTS_HITS |   PMC4  |     3774976 |       29370 |        3393 |       23863 |        4105 |        3141 |       36134 |        5385 |
|      RETIRED_INSTRUCTIONS      |   PMC5  |   389491147 |     2167769 |     2139566 |     2172299 |     2142588 |     2140304 |     4127830 |       55042 |
+--------------------------------+---------+-------------+-------------+-------------+-------------+-------------+-------------+-------------+-------------+

+-------------------------------------+---------+-----------+-------+-----------+--------------+
|                Event                | Counter |    Sum    |  Min  |    Max    |      Avg     |
+-------------------------------------+---------+-----------+-------+-----------+--------------+
|  REQUESTS_TO_L2_GRP1_ALL_NO_PF STAT |   PMC0  |   5251850 |  2239 |   5134185 |  656481.2500 |
|         L2_PF_HIT_IN_L2 STAT        |   PMC1  |   1374716 |    68 |   1364242 |  171839.5000 |
|         L2_PF_HIT_IN_L3 STAT        |   PMC2  |    553001 |   105 |    550382 |   69125.1250 |
|        L2_PF_MISS_IN_L3 STAT        |   PMC3  |    186102 |    17 |    179909 |   23262.7500 |
| CORE_TO_L2_CACHE_REQUESTS_HITS STAT |   PMC4  |   3880367 |  3141 |   3774976 |  485045.8750 |
|      RETIRED_INSTRUCTIONS STAT      |   PMC5  | 404436545 | 55042 | 389491147 | 5.055457e+07 |
+-------------------------------------+---------+-----------+-------+-----------+--------------+

+----------------------+--------------+--------------+--------------+--------------+--------------+--------------+--------------+--------------+
|        Metric        |  HWThread 20 |  HWThread 21 |  HWThread 22 |  HWThread 23 |  HWThread 68 |  HWThread 69 |  HWThread 70 |  HWThread 71 |
+----------------------+--------------+--------------+--------------+--------------+--------------+--------------+--------------+--------------+
|  Runtime (RDTSC) [s] |       0.1321 |       0.1321 |       0.1321 |       0.1321 |       0.1321 |       0.1321 |       0.1321 |       0.1321 |
| Runtime unhalted [s] | 3.448349e-10 | 3.448349e-10 | 3.448349e-10 | 3.448349e-10 | 3.448349e-10 | 3.448349e-10 | 3.448349e-10 | 3.448349e-10 |
|    L2 request rate   |       0.0186 |       0.0145 |       0.0012 |       0.0116 |       0.0013 |       0.0012 |       0.0160 |       0.1140 |
|     L2 miss rate     |       0.0054 |       0.0008 |      -0.0004 |       0.0005 |      -0.0007 |      -0.0004 |       0.0050 |       0.0136 |
|     L2 miss ratio    |       0.2891 |       0.0584 |      -0.3493 |       0.0445 |      -0.5197 |      -0.3150 |       0.3096 |       0.1195 |
|      L2 accesses     |      7228718 |        31398 |         2565 |        25304 |         2765 |         2473 |        66172 |         6274 |
|        L2 hits       |      5139218 |        29563 |         3461 |        24178 |         4202 |         3252 |        45685 |         5524 |
|       L2 misses      |      2089500 |         1835 |         -896 |         1126 |        -1437 |         -779 |        20487 |          750 |
+----------------------+--------------+--------------+--------------+--------------+--------------+--------------+--------------+--------------+

+---------------------------+--------------+--------------+--------------+--------------+
|           Metric          |      Sum     |      Min     |      Max     |      Avg     |
+---------------------------+--------------+--------------+--------------+--------------+
|  Runtime (RDTSC) [s] STAT |       1.0568 |       0.1321 |       0.1321 |       0.1321 |
| Runtime unhalted [s] STAT | 2.758679e-09 | 3.448349e-10 | 3.448349e-10 | 3.448349e-10 |
|    L2 request rate STAT   |       0.1784 |       0.0012 |       0.1140 |       0.0223 |
|     L2 miss rate STAT     |       0.0238 |      -0.0007 |       0.0136 |       0.0030 |
|     L2 miss ratio STAT    |      -0.3629 |      -0.5197 |       0.3096 |      -0.0454 |
|      L2 accesses STAT     |      7365669 |         2473 |      7228718 |  920708.6250 |
|        L2 hits STAT       |      5255083 |         3252 |      5139218 |  656885.3750 |
|       L2 misses STAT      |      2110586 |        -1437 |      2089500 |  263823.2500 |
+---------------------------+--------------+--------------+--------------+--------------+

--------------------------------------------------
Profiling Prefetch with k=4:
INFO: You are running LIKWID in a cpuset with 8 CPUs. Taking given IDs as logical ID in cpuset
--------------------------------------------------------------------------------
CPU name:	AMD EPYC 9254 24-Core Processor                
CPU type:	AMD K19 (Zen4) architecture
CPU clock:	2.90 GHz
--------------------------------------------------------------------------------
Prefetch Distance (k): 4
Result y: [5, 8, 9]
--------------------------------------------------------------------------------
Group 1: L2CACHE
+--------------------------------+---------+-------------+-------------+-------------+-------------+-------------+-------------+-------------+-------------+
|              Event             | Counter | HWThread 20 | HWThread 21 | HWThread 22 | HWThread 23 | HWThread 68 | HWThread 69 | HWThread 70 | HWThread 71 |
+--------------------------------+---------+-------------+-------------+-------------+-------------+-------------+-------------+-------------+-------------+
|  REQUESTS_TO_L2_GRP1_ALL_NO_PF |   PMC0  |     5104971 |       22949 |        2006 |       29546 |        2297 |       19960 |       48424 |        5596 |
|         L2_PF_HIT_IN_L2        |   PMC1  |     1377221 |        2412 |          51 |         270 |          87 |         117 |        9363 |         155 |
|         L2_PF_HIT_IN_L3        |   PMC2  |      564416 |         481 |         141 |         206 |         104 |         124 |        1837 |         173 |
|        L2_PF_MISS_IN_L3        |   PMC3  |      168922 |         964 |          17 |          77 |          21 |          23 |        5828 |         111 |
| CORE_TO_L2_CACHE_REQUESTS_HITS |   PMC4  |     3740176 |       16181 |        3170 |       28206 |        3870 |       19741 |       36121 |        4634 |
|      RETIRED_INSTRUCTIONS      |   PMC5  |   389490719 |     2915206 |     2146540 |     2178289 |     2144254 |     2164230 |     4134122 |       56775 |
+--------------------------------+---------+-------------+-------------+-------------+-------------+-------------+-------------+-------------+-------------+

+-------------------------------------+---------+-----------+-------+-----------+--------------+
|                Event                | Counter |    Sum    |  Min  |    Max    |      Avg     |
+-------------------------------------+---------+-----------+-------+-----------+--------------+
|  REQUESTS_TO_L2_GRP1_ALL_NO_PF STAT |   PMC0  |   5235749 |  2006 |   5104971 |  654468.6250 |
|         L2_PF_HIT_IN_L2 STAT        |   PMC1  |   1389676 |    51 |   1377221 |  173709.5000 |
|         L2_PF_HIT_IN_L3 STAT        |   PMC2  |    567482 |   104 |    564416 |   70935.2500 |
|        L2_PF_MISS_IN_L3 STAT        |   PMC3  |    175963 |    17 |    168922 |   21995.3750 |
| CORE_TO_L2_CACHE_REQUESTS_HITS STAT |   PMC4  |   3852099 |  3170 |   3740176 |  481512.3750 |
|      RETIRED_INSTRUCTIONS STAT      |   PMC5  | 405230135 | 56775 | 389490719 | 5.065377e+07 |
+-------------------------------------+---------+-----------+-------+-----------+--------------+

+----------------------+--------------+--------------+--------------+--------------+--------------+--------------+--------------+--------------+
|        Metric        |  HWThread 20 |  HWThread 21 |  HWThread 22 |  HWThread 23 |  HWThread 68 |  HWThread 69 |  HWThread 70 |  HWThread 71 |
+----------------------+--------------+--------------+--------------+--------------+--------------+--------------+--------------+--------------+
|  Runtime (RDTSC) [s] |       0.1322 |       0.1322 |       0.1322 |       0.1322 |       0.1322 |       0.1322 |       0.1322 |       0.1322 |
| Runtime unhalted [s] | 3.448431e-10 | 3.448431e-10 | 3.448431e-10 | 3.448431e-10 | 3.448431e-10 | 3.448431e-10 | 3.448431e-10 | 3.448431e-10 |
|    L2 request rate   |       0.0185 |       0.0092 |       0.0010 |       0.0138 |       0.0012 |       0.0093 |       0.0158 |       0.1063 |
|     L2 miss rate     |       0.0054 |       0.0028 |      -0.0005 |       0.0007 |      -0.0007 |       0.0002 |       0.0048 |       0.0219 |
|     L2 miss ratio    |       0.2908 |       0.3064 |      -0.4542 |       0.0539 |      -0.5771 |       0.0181 |       0.3051 |       0.2065 |
|      L2 accesses     |      7215530 |        26806 |         2215 |        30099 |         2509 |        20224 |        65452 |         6035 |
|        L2 hits       |      5117397 |        18593 |         3221 |        28476 |         3957 |        19858 |        45484 |         4789 |
|       L2 misses      |      2098133 |         8213 |        -1006 |         1623 |        -1448 |          366 |        19968 |         1246 |
+----------------------+--------------+--------------+--------------+--------------+--------------+--------------+--------------+--------------+

+---------------------------+--------------+--------------+--------------+--------------+
|           Metric          |      Sum     |      Min     |      Max     |      Avg     |
+---------------------------+--------------+--------------+--------------+--------------+
|  Runtime (RDTSC) [s] STAT |       1.0576 |       0.1322 |       0.1322 |       0.1322 |
| Runtime unhalted [s] STAT | 2.758745e-09 | 3.448431e-10 | 3.448431e-10 | 3.448431e-10 |
|    L2 request rate STAT   |       0.1751 |       0.0010 |       0.1063 |       0.0219 |
|     L2 miss rate STAT     |       0.0346 |      -0.0007 |       0.0219 |       0.0043 |
|     L2 miss ratio STAT    |       0.1495 |      -0.5771 |       0.3064 |       0.0187 |
|      L2 accesses STAT     |      7368870 |         2215 |      7215530 |  921108.7500 |
|        L2 hits STAT       |      5241775 |         3221 |      5117397 |  655221.8750 |
|       L2 misses STAT      |      2127095 |        -1448 |      2098133 |  265886.8750 |
+---------------------------+--------------+--------------+--------------+--------------+

--------------------------------------------------
Profiling Prefetch with k=8:
INFO: You are running LIKWID in a cpuset with 8 CPUs. Taking given IDs as logical ID in cpuset
--------------------------------------------------------------------------------
CPU name:	AMD EPYC 9254 24-Core Processor                
CPU type:	AMD K19 (Zen4) architecture
CPU clock:	2.90 GHz
--------------------------------------------------------------------------------
Prefetch Distance (k): 8
Result y: [5, 8, 9]
--------------------------------------------------------------------------------
Group 1: L2CACHE
+--------------------------------+---------+-------------+-------------+-------------+-------------+-------------+-------------+-------------+-------------+
|              Event             | Counter | HWThread 20 | HWThread 21 | HWThread 22 | HWThread 23 | HWThread 68 | HWThread 69 | HWThread 70 | HWThread 71 |
+--------------------------------+---------+-------------+-------------+-------------+-------------+-------------+-------------+-------------+-------------+
|  REQUESTS_TO_L2_GRP1_ALL_NO_PF |   PMC0  |     5133548 |       30737 |       48044 |       25093 |        2646 |        2193 |        2467 |        5966 |
|         L2_PF_HIT_IN_L2        |   PMC1  |     1365947 |         108 |        8977 |         355 |          88 |          70 |          49 |         159 |
|         L2_PF_HIT_IN_L3        |   PMC2  |      557107 |         221 |        1692 |         249 |         202 |          92 |          86 |         143 |
|        L2_PF_MISS_IN_L3        |   PMC3  |      169682 |          65 |        5903 |          77 |          36 |           5 |          15 |         128 |
| CORE_TO_L2_CACHE_REQUESTS_HITS |   PMC4  |     3785257 |       29368 |       35975 |       24030 |        3580 |        3136 |        3897 |        5484 |
|      RETIRED_INSTRUCTIONS      |   PMC5  |   389488192 |     2166656 |     4125412 |     2172372 |     2141043 |     2139135 |     2139180 |       53799 |
+--------------------------------+---------+-------------+-------------+-------------+-------------+-------------+-------------+-------------+-------------+

+-------------------------------------+---------+-----------+-------+-----------+--------------+
|                Event                | Counter |    Sum    |  Min  |    Max    |      Avg     |
+-------------------------------------+---------+-----------+-------+-----------+--------------+
|  REQUESTS_TO_L2_GRP1_ALL_NO_PF STAT |   PMC0  |   5250694 |  2193 |   5133548 |  656336.7500 |
|         L2_PF_HIT_IN_L2 STAT        |   PMC1  |   1375753 |    49 |   1365947 |  171969.1250 |
|         L2_PF_HIT_IN_L3 STAT        |   PMC2  |    559792 |    86 |    557107 |        69974 |
|        L2_PF_MISS_IN_L3 STAT        |   PMC3  |    175911 |     5 |    169682 |   21988.8750 |
| CORE_TO_L2_CACHE_REQUESTS_HITS STAT |   PMC4  |   3890727 |  3136 |   3785257 |  486340.8750 |
|      RETIRED_INSTRUCTIONS STAT      |   PMC5  | 404425789 | 53799 | 389488192 | 5.055322e+07 |
+-------------------------------------+---------+-----------+-------+-----------+--------------+

+----------------------+--------------+--------------+--------------+--------------+--------------+--------------+--------------+--------------+
|        Metric        |  HWThread 20 |  HWThread 21 |  HWThread 22 |  HWThread 23 |  HWThread 68 |  HWThread 69 |  HWThread 70 |  HWThread 71 |
+----------------------+--------------+--------------+--------------+--------------+--------------+--------------+--------------+--------------+
|  Runtime (RDTSC) [s] |       0.1310 |       0.1310 |       0.1310 |       0.1310 |       0.1310 |       0.1310 |       0.1310 |       0.1310 |
| Runtime unhalted [s] | 3.448586e-10 | 3.448586e-10 | 3.448586e-10 | 3.448586e-10 | 3.448586e-10 | 3.448586e-10 | 3.448586e-10 | 3.448586e-10 |
|    L2 request rate   |       0.0186 |       0.0144 |       0.0157 |       0.0119 |       0.0014 |       0.0011 |       0.0012 |       0.1189 |
|     L2 miss rate     |       0.0053 |       0.0008 |       0.0048 |       0.0006 |      -0.0003 |      -0.0004 |      -0.0006 |       0.0140 |
|     L2 miss ratio    |       0.2872 |       0.0532 |       0.3043 |       0.0539 |      -0.2342 |      -0.3585 |      -0.5078 |       0.1177 |
|      L2 accesses     |      7226284 |        31131 |        64616 |        25774 |         2972 |         2360 |         2617 |         6396 |
|        L2 hits       |      5151204 |        29476 |        44952 |        24385 |         3668 |         3206 |         3946 |         5643 |
|       L2 misses      |      2075080 |         1655 |        19664 |         1389 |         -696 |         -846 |        -1329 |          753 |
+----------------------+--------------+--------------+--------------+--------------+--------------+--------------+--------------+--------------+

+---------------------------+--------------+--------------+--------------+--------------+
|           Metric          |      Sum     |      Min     |      Max     |      Avg     |
+---------------------------+--------------+--------------+--------------+--------------+
|  Runtime (RDTSC) [s] STAT |       1.0480 |       0.1310 |       0.1310 |       0.1310 |
| Runtime unhalted [s] STAT | 2.758869e-09 | 3.448586e-10 | 3.448586e-10 | 3.448586e-10 |
|    L2 request rate STAT   |       0.1832 |       0.0011 |       0.1189 |       0.0229 |
|     L2 miss rate STAT     |       0.0242 |      -0.0006 |       0.0140 |       0.0030 |
|     L2 miss ratio STAT    |      -0.2842 |      -0.5078 |       0.3043 |      -0.0355 |
|      L2 accesses STAT     |      7362150 |         2360 |      7226284 |  920268.7500 |
|        L2 hits STAT       |      5266480 |         3206 |      5151204 |       658310 |
|       L2 misses STAT      |      2095670 |        -1329 |      2075080 |  261958.7500 |
+---------------------------+--------------+--------------+--------------+--------------+

--------------------------------------------------
Profiling Prefetch with k=16:
INFO: You are running LIKWID in a cpuset with 8 CPUs. Taking given IDs as logical ID in cpuset
--------------------------------------------------------------------------------
CPU name:	AMD EPYC 9254 24-Core Processor                
CPU type:	AMD K19 (Zen4) architecture
CPU clock:	2.90 GHz
--------------------------------------------------------------------------------
Prefetch Distance (k): 16
Result y: [5, 8, 9]
--------------------------------------------------------------------------------
Group 1: L2CACHE
+--------------------------------+---------+-------------+-------------+-------------+-------------+-------------+-------------+-------------+-------------+
|              Event             | Counter | HWThread 20 | HWThread 21 | HWThread 22 | HWThread 23 | HWThread 68 | HWThread 69 | HWThread 70 | HWThread 71 |
+--------------------------------+---------+-------------+-------------+-------------+-------------+-------------+-------------+-------------+-------------+
|  REQUESTS_TO_L2_GRP1_ALL_NO_PF |   PMC0  |     5132216 |        7633 |       48463 |       12687 |        2253 |        2209 |        2403 |       31883 |
|         L2_PF_HIT_IN_L2        |   PMC1  |     1357382 |          67 |        9289 |         451 |          78 |          51 |          54 |         295 |
|         L2_PF_HIT_IN_L3        |   PMC2  |      522983 |         170 |        1653 |         268 |         171 |          85 |          90 |         179 |
|        L2_PF_MISS_IN_L3        |   PMC3  |      200378 |          46 |        5775 |          82 |          26 |          20 |           8 |         169 |
| CORE_TO_L2_CACHE_REQUESTS_HITS |   PMC4  |     3766088 |        8014 |       36346 |       11997 |        3491 |        3918 |        3789 |       29749 |
|      RETIRED_INSTRUCTIONS      |   PMC5  |   389489900 |     2148614 |     4126259 |     2165411 |     2142384 |     2143159 |     2139569 |       77641 |
+--------------------------------+---------+-------------+-------------+-------------+-------------+-------------+-------------+-------------+-------------+

+-------------------------------------+---------+-----------+-------+-----------+--------------+
|                Event                | Counter |    Sum    |  Min  |    Max    |      Avg     |
+-------------------------------------+---------+-----------+-------+-----------+--------------+
|  REQUESTS_TO_L2_GRP1_ALL_NO_PF STAT |   PMC0  |   5239747 |  2209 |   5132216 |  654968.3750 |
|         L2_PF_HIT_IN_L2 STAT        |   PMC1  |   1367667 |    51 |   1357382 |  170958.3750 |
|         L2_PF_HIT_IN_L3 STAT        |   PMC2  |    525599 |    85 |    522983 |   65699.8750 |
|        L2_PF_MISS_IN_L3 STAT        |   PMC3  |    206504 |     8 |    200378 |        25813 |
| CORE_TO_L2_CACHE_REQUESTS_HITS STAT |   PMC4  |   3863392 |  3491 |   3766088 |       482924 |
|      RETIRED_INSTRUCTIONS STAT      |   PMC5  | 404432937 | 77641 | 389489900 | 5.055412e+07 |
+-------------------------------------+---------+-----------+-------+-----------+--------------+

+----------------------+--------------+--------------+--------------+--------------+--------------+--------------+--------------+--------------+
|        Metric        |  HWThread 20 |  HWThread 21 |  HWThread 22 |  HWThread 23 |  HWThread 68 |  HWThread 69 |  HWThread 70 |  HWThread 71 |
+----------------------+--------------+--------------+--------------+--------------+--------------+--------------+--------------+--------------+
|  Runtime (RDTSC) [s] |       0.1368 |       0.1368 |       0.1368 |       0.1368 |       0.1368 |       0.1368 |       0.1368 |       0.1368 |
| Runtime unhalted [s] | 3.448347e-10 | 3.448347e-10 | 3.448347e-10 | 3.448347e-10 | 3.448347e-10 | 3.448347e-10 | 3.448347e-10 | 3.448347e-10 |
|    L2 request rate   |       0.0185 |       0.0037 |       0.0158 |       0.0062 |       0.0012 |       0.0011 |       0.0012 |       0.4189 |
|     L2 miss rate     |       0.0054 |      -0.0001 |       0.0047 |       0.0005 |      -0.0005 |      -0.0007 |      -0.0006 |       0.0320 |
|     L2 miss ratio    |       0.2897 |      -0.0208 |       0.2999 |       0.0771 |      -0.4118 |      -0.6782 |      -0.5041 |       0.0763 |
|      L2 accesses     |      7212959 |         7916 |        65180 |        13488 |         2528 |         2365 |         2555 |        32526 |
|        L2 hits       |      5123470 |         8081 |        45635 |        12448 |         3569 |         3969 |         3843 |        30044 |
|       L2 misses      |      2089489 |         -165 |        19545 |         1040 |        -1041 |        -1604 |        -1288 |         2482 |
+----------------------+--------------+--------------+--------------+--------------+--------------+--------------+--------------+--------------+

+---------------------------+--------------+--------------+--------------+--------------+
|           Metric          |      Sum     |      Min     |      Max     |      Avg     |
+---------------------------+--------------+--------------+--------------+--------------+
|  Runtime (RDTSC) [s] STAT |       1.0944 |       0.1368 |       0.1368 |       0.1368 |
| Runtime unhalted [s] STAT | 2.758678e-09 | 3.448347e-10 | 3.448347e-10 | 3.448347e-10 |
|    L2 request rate STAT   |       0.4666 |       0.0011 |       0.4189 |       0.0583 |
|     L2 miss rate STAT     |       0.0407 |      -0.0007 |       0.0320 |       0.0051 |
|     L2 miss ratio STAT    |      -0.8719 |      -0.6782 |       0.2999 |      -0.1090 |
|      L2 accesses STAT     |      7339517 |         2365 |      7212959 |  917439.6250 |
|        L2 hits STAT       |      5231059 |         3569 |      5123470 |  653882.3750 |
|       L2 misses STAT      |      2108458 |        -1604 |      2089489 |  263557.2500 |
+---------------------------+--------------+--------------+--------------+--------------+

--------------------------------------------------
Profiling Prefetch with k=32:
INFO: You are running LIKWID in a cpuset with 8 CPUs. Taking given IDs as logical ID in cpuset
--------------------------------------------------------------------------------
CPU name:	AMD EPYC 9254 24-Core Processor                
CPU type:	AMD K19 (Zen4) architecture
CPU clock:	2.90 GHz
--------------------------------------------------------------------------------
Prefetch Distance (k): 32
Result y: [5, 8, 9]
--------------------------------------------------------------------------------
Group 1: L2CACHE
+--------------------------------+---------+-------------+-------------+-------------+-------------+-------------+-------------+-------------+-------------+
|              Event             | Counter | HWThread 20 | HWThread 21 | HWThread 22 | HWThread 23 | HWThread 68 | HWThread 69 | HWThread 70 | HWThread 71 |
+--------------------------------+---------+-------------+-------------+-------------+-------------+-------------+-------------+-------------+-------------+
|  REQUESTS_TO_L2_GRP1_ALL_NO_PF |   PMC0  |     5088692 |        2915 |       48436 |       16625 |        2526 |       26111 |        6258 |        3102 |
|         L2_PF_HIT_IN_L2        |   PMC1  |     1351965 |          92 |        9563 |         231 |          93 |         150 |          70 |         119 |
|         L2_PF_HIT_IN_L3        |   PMC2  |      527614 |         176 |        1625 |         148 |         172 |         118 |         141 |         113 |
|        L2_PF_MISS_IN_L3        |   PMC3  |      193899 |          48 |        5723 |          59 |          20 |          52 |          16 |          18 |
| CORE_TO_L2_CACHE_REQUESTS_HITS |   PMC4  |     3727533 |        3065 |       36203 |       15710 |        3688 |       26014 |        7400 |        4374 |
|      RETIRED_INSTRUCTIONS      |   PMC5  |   389494014 |     2146451 |     4125447 |     2163972 |     2141152 |     2171265 |     2144702 |       50292 |
+--------------------------------+---------+-------------+-------------+-------------+-------------+-------------+-------------+-------------+-------------+

+-------------------------------------+---------+-----------+-------+-----------+--------------+
|                Event                | Counter |    Sum    |  Min  |    Max    |      Avg     |
+-------------------------------------+---------+-----------+-------+-----------+--------------+
|  REQUESTS_TO_L2_GRP1_ALL_NO_PF STAT |   PMC0  |   5194665 |  2526 |   5088692 |  649333.1250 |
|         L2_PF_HIT_IN_L2 STAT        |   PMC1  |   1362283 |    70 |   1351965 |  170285.3750 |
|         L2_PF_HIT_IN_L3 STAT        |   PMC2  |    530107 |   113 |    527614 |   66263.3750 |
|        L2_PF_MISS_IN_L3 STAT        |   PMC3  |    199835 |    16 |    193899 |   24979.3750 |
| CORE_TO_L2_CACHE_REQUESTS_HITS STAT |   PMC4  |   3823987 |  3065 |   3727533 |  477998.3750 |
|      RETIRED_INSTRUCTIONS STAT      |   PMC5  | 404437295 | 50292 | 389494014 | 5.055466e+07 |
+-------------------------------------+---------+-----------+-------+-----------+--------------+

+----------------------+--------------+--------------+--------------+--------------+--------------+--------------+--------------+--------------+
|        Metric        |  HWThread 20 |  HWThread 21 |  HWThread 22 |  HWThread 23 |  HWThread 68 |  HWThread 69 |  HWThread 70 |  HWThread 71 |
+----------------------+--------------+--------------+--------------+--------------+--------------+--------------+--------------+--------------+
|  Runtime (RDTSC) [s] |       0.1364 |       0.1364 |       0.1364 |       0.1364 |       0.1364 |       0.1364 |       0.1364 |       0.1364 |
| Runtime unhalted [s] | 3.448438e-10 | 3.448438e-10 | 3.448438e-10 | 3.448438e-10 | 3.448438e-10 | 3.448438e-10 | 3.448438e-10 | 3.448438e-10 |
|    L2 request rate   |       0.0184 |       0.0015 |       0.0158 |       0.0079 |       0.0013 |       0.0122 |       0.0030 |       0.0667 |
|     L2 miss rate     |       0.0053 | 3.447551e-05 |       0.0047 |       0.0005 |      -0.0005 |       0.0001 |      -0.0005 |      -0.0227 |
|     L2 miss ratio    |       0.2908 |       0.0229 |       0.2996 |       0.0658 |      -0.3451 |       0.0101 |      -0.1519 |      -0.3404 |
|      L2 accesses     |      7162170 |         3231 |        65347 |        17063 |         2811 |        26431 |         6485 |         3352 |
|        L2 hits       |      5079498 |         3157 |        45766 |        15941 |         3781 |        26164 |         7470 |         4493 |
|       L2 misses      |      2082672 |           74 |        19581 |         1122 |         -970 |          267 |         -985 |        -1141 |
+----------------------+--------------+--------------+--------------+--------------+--------------+--------------+--------------+--------------+

+---------------------------+--------------+--------------+--------------+--------------+
|           Metric          |      Sum     |      Min     |      Max     |      Avg     |
+---------------------------+--------------+--------------+--------------+--------------+
|  Runtime (RDTSC) [s] STAT |       1.0912 |       0.1364 |       0.1364 |       0.1364 |
| Runtime unhalted [s] STAT | 2.758750e-09 | 3.448438e-10 | 3.448438e-10 | 3.448438e-10 |
|    L2 request rate STAT   |       0.1268 |       0.0013 |       0.0667 |       0.0158 |
|     L2 miss rate STAT     |      -0.0131 |      -0.0227 |       0.0053 |      -0.0016 |
|     L2 miss ratio STAT    |      -0.1482 |      -0.3451 |       0.2996 |      -0.0185 |
|      L2 accesses STAT     |      7286890 |         2811 |      7162170 |  910861.2500 |
|        L2 hits STAT       |      5186270 |         3157 |      5079498 |  648283.7500 |
|       L2 misses STAT      |      2100620 |        -1141 |      2082672 |  262577.5000 |
+---------------------------+--------------+--------------+--------------+--------------+

--------------------------------------------------
Profiling Prefetch with k=64:
INFO: You are running LIKWID in a cpuset with 8 CPUs. Taking given IDs as logical ID in cpuset
--------------------------------------------------------------------------------
CPU name:	AMD EPYC 9254 24-Core Processor                
CPU type:	AMD K19 (Zen4) architecture
CPU clock:	2.90 GHz
--------------------------------------------------------------------------------
Prefetch Distance (k): 64
Result y: [5, 8, 9]
--------------------------------------------------------------------------------
Group 1: L2CACHE
+--------------------------------+---------+-------------+-------------+-------------+-------------+-------------+-------------+-------------+-------------+
|              Event             | Counter | HWThread 20 | HWThread 21 | HWThread 22 | HWThread 23 | HWThread 68 | HWThread 69 | HWThread 70 | HWThread 71 |
+--------------------------------+---------+-------------+-------------+-------------+-------------+-------------+-------------+-------------+-------------+
|  REQUESTS_TO_L2_GRP1_ALL_NO_PF |   PMC0  |     5117052 |       31387 |       48493 |       16479 |        2254 |        2005 |        2517 |        3225 |
|         L2_PF_HIT_IN_L2        |   PMC1  |     1360978 |         202 |        9607 |         195 |         106 |          63 |          52 |         123 |
|         L2_PF_HIT_IN_L3        |   PMC2  |      557988 |         161 |        1578 |         185 |         168 |         100 |          80 |         121 |
|        L2_PF_MISS_IN_L3        |   PMC3  |      172786 |          54 |        5779 |          73 |          42 |          21 |          21 |          58 |
| CORE_TO_L2_CACHE_REQUESTS_HITS |   PMC4  |     3758367 |       29965 |       36171 |       15477 |        2999 |        3374 |        3942 |        4386 |
|      RETIRED_INSTRUCTIONS      |   PMC5  |   389497039 |     2173062 |     4126193 |     2164715 |     2141945 |     2143700 |     2140500 |       51190 |
+--------------------------------+---------+-------------+-------------+-------------+-------------+-------------+-------------+-------------+-------------+

+-------------------------------------+---------+-----------+-------+-----------+-------------+
|                Event                | Counter |    Sum    |  Min  |    Max    |     Avg     |
+-------------------------------------+---------+-----------+-------+-----------+-------------+
|  REQUESTS_TO_L2_GRP1_ALL_NO_PF STAT |   PMC0  |   5223412 |  2005 |   5117052 | 652926.5000 |
|         L2_PF_HIT_IN_L2 STAT        |   PMC1  |   1371326 |    52 |   1360978 | 171415.7500 |
|         L2_PF_HIT_IN_L3 STAT        |   PMC2  |    560381 |    80 |    557988 |  70047.6250 |
|        L2_PF_MISS_IN_L3 STAT        |   PMC3  |    178834 |    21 |    172786 |  22354.2500 |
| CORE_TO_L2_CACHE_REQUESTS_HITS STAT |   PMC4  |   3854681 |  2999 |   3758367 | 481835.1250 |
|      RETIRED_INSTRUCTIONS STAT      |   PMC5  | 404438344 | 51190 | 389497039 |    50554793 |
+-------------------------------------+---------+-----------+-------+-----------+-------------+

+----------------------+--------------+--------------+--------------+--------------+--------------+--------------+--------------+--------------+
|        Metric        |  HWThread 20 |  HWThread 21 |  HWThread 22 |  HWThread 23 |  HWThread 68 |  HWThread 69 |  HWThread 70 |  HWThread 71 |
+----------------------+--------------+--------------+--------------+--------------+--------------+--------------+--------------+--------------+
|  Runtime (RDTSC) [s] |       0.1343 |       0.1343 |       0.1343 |       0.1343 |       0.1343 |       0.1343 |       0.1343 |       0.1343 |
| Runtime unhalted [s] | 3.448672e-10 | 3.448672e-10 | 3.448672e-10 | 3.448672e-10 | 3.448672e-10 | 3.448672e-10 | 3.448672e-10 | 3.448672e-10 |
|    L2 request rate   |       0.0185 |       0.0146 |       0.0159 |       0.0078 |       0.0012 |       0.0010 |       0.0012 |       0.0689 |
|     L2 miss rate     |       0.0054 |       0.0008 |       0.0048 |       0.0006 |      -0.0002 |      -0.0006 |      -0.0006 |      -0.0192 |
|     L2 miss ratio    |       0.2898 |       0.0515 |       0.3006 |       0.0744 |      -0.2082 |      -0.5701 |      -0.4959 |      -0.2784 |
|      L2 accesses     |      7208804 |        31804 |        65457 |        16932 |         2570 |         2189 |         2670 |         3527 |
|        L2 hits       |      5119345 |        30167 |        45778 |        15672 |         3105 |         3437 |         3994 |         4509 |
|       L2 misses      |      2089459 |         1637 |        19679 |         1260 |         -535 |        -1248 |        -1324 |         -982 |
+----------------------+--------------+--------------+--------------+--------------+--------------+--------------+--------------+--------------+

+---------------------------+--------------+--------------+--------------+--------------+
|           Metric          |      Sum     |      Min     |      Max     |      Avg     |
+---------------------------+--------------+--------------+--------------+--------------+
|  Runtime (RDTSC) [s] STAT |       1.0744 |       0.1343 |       0.1343 |       0.1343 |
| Runtime unhalted [s] STAT | 2.758938e-09 | 3.448672e-10 | 3.448672e-10 | 3.448672e-10 |
|    L2 request rate STAT   |       0.1291 |       0.0010 |       0.0689 |       0.0161 |
|     L2 miss rate STAT     |      -0.0090 |      -0.0192 |       0.0054 |      -0.0011 |
|     L2 miss ratio STAT    |      -0.8363 |      -0.5701 |       0.3006 |      -0.1045 |
|      L2 accesses STAT     |      7333953 |         2189 |      7208804 |  916744.1250 |
|        L2 hits STAT       |      5226007 |         3105 |      5119345 |  653250.8750 |
|       L2 misses STAT      |      2107946 |        -1324 |      2089459 |  263493.2500 |
+---------------------------+--------------+--------------+--------------+--------------+

--------------------------------------------------
