Starting Large Scale Sweep (No Markers)
--------------------------------------------------
Profiling Prefetch with k=0:
INFO: You are running LIKWID in a cpuset with 8 CPUs. Taking given IDs as logical ID in cpuset
--------------------------------------------------------------------------------
CPU name:	AMD EPYC 7763 64-Core Processor                
CPU type:	AMD K19 (Zen3) architecture
CPU clock:	2.45 GHz
--------------------------------------------------------------------------------
--------------------------------------------------------------------------------
Group 1: L2CACHE
+--------------------------------+---------+-------------+-------------+-------------+-------------+--------------+--------------+--------------+--------------+
|              Event             | Counter | HWThread 60 | HWThread 61 | HWThread 62 | HWThread 63 | HWThread 188 | HWThread 189 | HWThread 190 | HWThread 191 |
+--------------------------------+---------+-------------+-------------+-------------+-------------+--------------+--------------+--------------+--------------+
|  REQUESTS_TO_L2_GRP1_ALL_NO_PF |   PMC0  |     6534558 |      134729 |      162457 |      132521 |       183236 |       132243 |       132970 |       162799 |
|         L2_PF_HIT_IN_L2        |   PMC1  |     1918820 |       44259 |       45631 |       42127 |        57501 |        55671 |        45596 |        41934 |
|         L2_PF_HIT_IN_L3        |   PMC2  |     1003486 |         479 |         483 |         382 |         4005 |          466 |          485 |          875 |
|        L2_PF_MISS_IN_L3        |   PMC3  |      320550 |       23792 |       23785 |       23950 |        29749 |        23635 |        23741 |        23911 |
| CORE_TO_L2_CACHE_REQUESTS_HITS |   PMC4  |     4512303 |      130666 |      157261 |      131024 |       163849 |       130308 |       131505 |       152640 |
|      RETIRED_INSTRUCTIONS      |   PMC5  |  5416038113 |     3270673 |     3254138 |     3239143 |     41258133 |      3263889 |      3231100 |      1159978 |
+--------------------------------+---------+-------------+-------------+-------------+-------------+--------------+--------------+--------------+--------------+

+-------------------------------------+---------+------------+---------+------------+--------------+
|                Event                | Counter |     Sum    |   Min   |     Max    |      Avg     |
+-------------------------------------+---------+------------+---------+------------+--------------+
|  REQUESTS_TO_L2_GRP1_ALL_NO_PF STAT |   PMC0  |    7575513 |  132243 |    6534558 |  946939.1250 |
|         L2_PF_HIT_IN_L2 STAT        |   PMC1  |    2251539 |   41934 |    1918820 |  281442.3750 |
|         L2_PF_HIT_IN_L3 STAT        |   PMC2  |    1010661 |     382 |    1003486 |  126332.6250 |
|        L2_PF_MISS_IN_L3 STAT        |   PMC3  |     493113 |   23635 |     320550 |   61639.1250 |
| CORE_TO_L2_CACHE_REQUESTS_HITS STAT |   PMC4  |    5509556 |  130308 |    4512303 |  688694.5000 |
|      RETIRED_INSTRUCTIONS STAT      |   PMC5  | 5474715167 | 1159978 | 5416038113 | 6.843394e+08 |
+-------------------------------------+---------+------------+---------+------------+--------------+

+---------------------+-------------+-------------+-------------+-------------+--------------+--------------+--------------+--------------+
|        Metric       | HWThread 60 | HWThread 61 | HWThread 62 | HWThread 63 | HWThread 188 | HWThread 189 | HWThread 190 | HWThread 191 |
+---------------------+-------------+-------------+-------------+-------------+--------------+--------------+--------------+--------------+
| Runtime (RDTSC) [s] |      1.4440 |      1.4440 |      1.4440 |      1.4440 |       1.4440 |       1.4440 |       1.4440 |       1.4440 |
|   L2 request rate   |      0.0018 |      0.0621 |      0.0714 |      0.0614 |       0.0067 |       0.0650 |       0.0628 |       0.1979 |
|     L2 miss rate    |      0.0006 |      0.0087 |      0.0091 |      0.0080 |       0.0013 |       0.0080 |       0.0080 |       0.0301 |
|    L2 miss ratio    |      0.3422 |      0.1394 |      0.1268 |      0.1298 |       0.1936 |       0.1228 |       0.1267 |       0.1523 |
|     L2 accesses     |     9777414 |      203259 |      232356 |      198980 |       274491 |       212015 |       202792 |       229519 |
|       L2 hits       |     6431123 |      174925 |      202892 |      173151 |       221350 |       185979 |       177101 |       194574 |
|      L2 misses      |     3346291 |       28334 |       29464 |       25829 |        53141 |        26036 |        25691 |        34945 |
+---------------------+-------------+-------------+-------------+-------------+--------------+--------------+--------------+--------------+

+--------------------------+----------+--------+---------+--------------+
|          Metric          |    Sum   |   Min  |   Max   |      Avg     |
+--------------------------+----------+--------+---------+--------------+
| Runtime (RDTSC) [s] STAT |  11.5520 | 1.4440 |  1.4440 |       1.4440 |
|   L2 request rate STAT   |   0.5291 | 0.0018 |  0.1979 |       0.0661 |
|     L2 miss rate STAT    |   0.0738 | 0.0006 |  0.0301 |       0.0092 |
|    L2 miss ratio STAT    |   1.3336 | 0.1228 |  0.3422 |       0.1667 |
|     L2 accesses STAT     | 11330826 | 198980 | 9777414 | 1.416353e+06 |
|       L2 hits STAT       |  7761095 | 173151 | 6431123 |  970136.8750 |
|      L2 misses STAT      |  3569731 |  25691 | 3346291 |  446216.3750 |
+--------------------------+----------+--------+---------+--------------+

--------------------------------------------------
Profiling Prefetch with k=1:
INFO: You are running LIKWID in a cpuset with 8 CPUs. Taking given IDs as logical ID in cpuset
--------------------------------------------------------------------------------
CPU name:	AMD EPYC 7763 64-Core Processor                
CPU type:	AMD K19 (Zen3) architecture
CPU clock:	2.45 GHz
--------------------------------------------------------------------------------
--------------------------------------------------------------------------------
Group 1: L2CACHE
+--------------------------------+---------+-------------+-------------+-------------+-------------+--------------+--------------+--------------+--------------+
|              Event             | Counter | HWThread 60 | HWThread 61 | HWThread 62 | HWThread 63 | HWThread 188 | HWThread 189 | HWThread 190 | HWThread 191 |
+--------------------------------+---------+-------------+-------------+-------------+-------------+--------------+--------------+--------------+--------------+
|  REQUESTS_TO_L2_GRP1_ALL_NO_PF |   PMC0  |     5827172 |      140527 |      160444 |      741133 |       131682 |       132361 |       133122 |       206315 |
|         L2_PF_HIT_IN_L2        |   PMC1  |     1657725 |       93911 |       69510 |      363664 |        80328 |        67639 |        63282 |        99807 |
|         L2_PF_HIT_IN_L3        |   PMC2  |      834996 |         779 |         637 |      150139 |          636 |          689 |          687 |         8402 |
|        L2_PF_MISS_IN_L3        |   PMC3  |      213479 |       24134 |       23740 |      146916 |        23837 |        23559 |        23641 |        29924 |
| CORE_TO_L2_CACHE_REQUESTS_HITS |   PMC4  |     3912676 |      135875 |      157467 |      637281 |       131534 |       133259 |       133529 |       181961 |
|      RETIRED_INSTRUCTIONS      |   PMC5  |   392213396 |     3987858 |     3935921 |  4955252392 |      4022759 |      3969880 |      3913132 |    113069392 |
+--------------------------------+---------+-------------+-------------+-------------+-------------+--------------+--------------+--------------+--------------+

+-------------------------------------+---------+------------+---------+------------+--------------+
|                Event                | Counter |     Sum    |   Min   |     Max    |      Avg     |
+-------------------------------------+---------+------------+---------+------------+--------------+
|  REQUESTS_TO_L2_GRP1_ALL_NO_PF STAT |   PMC0  |    7472756 |  131682 |    5827172 |  934094.5000 |
|         L2_PF_HIT_IN_L2 STAT        |   PMC1  |    2495866 |   63282 |    1657725 |  311983.2500 |
|         L2_PF_HIT_IN_L3 STAT        |   PMC2  |     996965 |     636 |     834996 |  124620.6250 |
|        L2_PF_MISS_IN_L3 STAT        |   PMC3  |     509230 |   23559 |     213479 |   63653.7500 |
| CORE_TO_L2_CACHE_REQUESTS_HITS STAT |   PMC4  |    5423582 |  131534 |    3912676 |  677947.7500 |
|      RETIRED_INSTRUCTIONS STAT      |   PMC5  | 5480364730 | 3913132 | 4955252392 | 6.850456e+08 |
+-------------------------------------+---------+------------+---------+------------+--------------+

+---------------------+-------------+-------------+-------------+-------------+--------------+--------------+--------------+--------------+
|        Metric       | HWThread 60 | HWThread 61 | HWThread 62 | HWThread 63 | HWThread 188 | HWThread 189 | HWThread 190 | HWThread 191 |
+---------------------+-------------+-------------+-------------+-------------+--------------+--------------+--------------+--------------+
| Runtime (RDTSC) [s] |      1.4411 |      1.4411 |      1.4411 |      1.4411 |       1.4411 |       1.4411 |       1.4411 |       1.4411 |
|   L2 request rate   |      0.0218 |      0.0650 |      0.0646 |      0.0003 |       0.0588 |       0.0565 |       0.0564 |       0.0030 |
|     L2 miss rate    |      0.0076 |      0.0074 |      0.0069 |      0.0001 |       0.0061 |       0.0059 |       0.0061 |       0.0006 |
|    L2 miss ratio    |      0.3472 |      0.1140 |      0.1076 |      0.2860 |       0.1041 |       0.1041 |       0.1084 |       0.1820 |
|     L2 accesses     |     8533372 |      259351 |      254331 |     1401852 |       236483 |       224248 |       220732 |       344448 |
|       L2 hits       |     5570401 |      229786 |      226977 |     1000945 |       211862 |       200898 |       196811 |       281768 |
|      L2 misses      |     2962971 |       29565 |       27354 |      400907 |        24621 |        23350 |        23921 |        62680 |
+---------------------+-------------+-------------+-------------+-------------+--------------+--------------+--------------+--------------+

+--------------------------+----------+--------+---------+--------------+
|          Metric          |    Sum   |   Min  |   Max   |      Avg     |
+--------------------------+----------+--------+---------+--------------+
| Runtime (RDTSC) [s] STAT |  11.5288 | 1.4411 |  1.4411 |       1.4411 |
|   L2 request rate STAT   |   0.3264 | 0.0003 |  0.0650 |       0.0408 |
|     L2 miss rate STAT    |   0.0407 | 0.0001 |  0.0076 |       0.0051 |
|    L2 miss ratio STAT    |   1.3534 | 0.1041 |  0.3472 |       0.1692 |
|     L2 accesses STAT     | 11474817 | 220732 | 8533372 | 1.434352e+06 |
|       L2 hits STAT       |  7919448 | 196811 | 5570401 |       989931 |
|      L2 misses STAT      |  3555369 |  23350 | 2962971 |  444421.1250 |
+--------------------------+----------+--------+---------+--------------+

--------------------------------------------------
Profiling Prefetch with k=4:
INFO: You are running LIKWID in a cpuset with 8 CPUs. Taking given IDs as logical ID in cpuset
--------------------------------------------------------------------------------
CPU name:	AMD EPYC 7763 64-Core Processor                
CPU type:	AMD K19 (Zen3) architecture
CPU clock:	2.45 GHz
--------------------------------------------------------------------------------
--------------------------------------------------------------------------------
Group 1: L2CACHE
+--------------------------------+---------+-------------+-------------+-------------+-------------+--------------+--------------+--------------+--------------+
|              Event             | Counter | HWThread 60 | HWThread 61 | HWThread 62 | HWThread 63 | HWThread 188 | HWThread 189 | HWThread 190 | HWThread 191 |
+--------------------------------+---------+-------------+-------------+-------------+-------------+--------------+--------------+--------------+--------------+
|  REQUESTS_TO_L2_GRP1_ALL_NO_PF |   PMC0  |     5870985 |      134787 |      133904 |      765140 |       132804 |       140835 |       163759 |       184547 |
|         L2_PF_HIT_IN_L2        |   PMC1  |     1619458 |       78490 |       74242 |      352360 |        98830 |        78308 |        78353 |        87860 |
|         L2_PF_HIT_IN_L3        |   PMC2  |      825299 |         665 |         638 |      140318 |          532 |          666 |          810 |         4145 |
|        L2_PF_MISS_IN_L3        |   PMC3  |      210578 |       23832 |       23752 |      152322 |        23825 |        23643 |        23689 |        30007 |
| CORE_TO_L2_CACHE_REQUESTS_HITS |   PMC4  |     3944210 |      132634 |      132855 |      654822 |       133495 |       138868 |       160543 |       163895 |
|      RETIRED_INSTRUCTIONS      |   PMC5  |   392176374 |     3997134 |     3942977 |  5063830100 |      4024239 |      4001500 |      3969288 |      4520744 |
+--------------------------------+---------+-------------+-------------+-------------+-------------+--------------+--------------+--------------+--------------+

+-------------------------------------+---------+------------+---------+------------+--------------+
|                Event                | Counter |     Sum    |   Min   |     Max    |      Avg     |
+-------------------------------------+---------+------------+---------+------------+--------------+
|  REQUESTS_TO_L2_GRP1_ALL_NO_PF STAT |   PMC0  |    7526761 |  132804 |    5870985 |  940845.1250 |
|         L2_PF_HIT_IN_L2 STAT        |   PMC1  |    2467901 |   74242 |    1619458 |  308487.6250 |
|         L2_PF_HIT_IN_L3 STAT        |   PMC2  |     973073 |     532 |     825299 |  121634.1250 |
|        L2_PF_MISS_IN_L3 STAT        |   PMC3  |     511648 |   23643 |     210578 |        63956 |
| CORE_TO_L2_CACHE_REQUESTS_HITS STAT |   PMC4  |    5461322 |  132634 |    3944210 |  682665.2500 |
|      RETIRED_INSTRUCTIONS STAT      |   PMC5  | 5480462356 | 3942977 | 5063830100 | 6.850578e+08 |
+-------------------------------------+---------+------------+---------+------------+--------------+

+---------------------+-------------+-------------+-------------+-------------+--------------+--------------+--------------+--------------+
|        Metric       | HWThread 60 | HWThread 61 | HWThread 62 | HWThread 63 | HWThread 188 | HWThread 189 | HWThread 190 | HWThread 191 |
+---------------------+-------------+-------------+-------------+-------------+--------------+--------------+--------------+--------------+
| Runtime (RDTSC) [s] |      1.4532 |      1.4532 |      1.4532 |      1.4532 |       1.4532 |       1.4532 |       1.4532 |       1.4532 |
|   L2 request rate   |      0.0217 |      0.0595 |      0.0590 |      0.0003 |       0.0636 |       0.0608 |       0.0672 |       0.0678 |
|     L2 miss rate    |      0.0076 |      0.0067 |      0.0065 |      0.0001 |       0.0059 |       0.0066 |       0.0070 |       0.0121 |
|    L2 miss ratio    |      0.3475 |      0.1121 |      0.1094 |      0.2858 |       0.0924 |       0.1079 |       0.1040 |       0.1788 |
|     L2 accesses     |     8526320 |      237774 |      232536 |     1410140 |       255991 |       243452 |       266611 |       306559 |
|       L2 hits       |     5563668 |      211124 |      207097 |     1007182 |       232325 |       217176 |       238896 |       251755 |
|      L2 misses      |     2962652 |       26650 |       25439 |      402958 |        23666 |        26276 |        27715 |        54804 |
+---------------------+-------------+-------------+-------------+-------------+--------------+--------------+--------------+--------------+

+--------------------------+----------+--------+---------+--------------+
|          Metric          |    Sum   |   Min  |   Max   |      Avg     |
+--------------------------+----------+--------+---------+--------------+
| Runtime (RDTSC) [s] STAT |  11.6256 | 1.4532 |  1.4532 |       1.4532 |
|   L2 request rate STAT   |   0.3999 | 0.0003 |  0.0678 |       0.0500 |
|     L2 miss rate STAT    |   0.0525 | 0.0001 |  0.0121 |       0.0066 |
|    L2 miss ratio STAT    |   1.3379 | 0.0924 |  0.3475 |       0.1672 |
|     L2 accesses STAT     | 11479383 | 232536 | 8526320 | 1.434923e+06 |
|       L2 hits STAT       |  7929223 | 207097 | 5563668 |  991152.8750 |
|      L2 misses STAT      |  3550160 |  23666 | 2962652 |       443770 |
+--------------------------+----------+--------+---------+--------------+

--------------------------------------------------
Profiling Prefetch with k=8:
INFO: You are running LIKWID in a cpuset with 8 CPUs. Taking given IDs as logical ID in cpuset
--------------------------------------------------------------------------------
CPU name:	AMD EPYC 7763 64-Core Processor                
CPU type:	AMD K19 (Zen3) architecture
CPU clock:	2.45 GHz
--------------------------------------------------------------------------------
--------------------------------------------------------------------------------
Group 1: L2CACHE
+--------------------------------+---------+-------------+-------------+-------------+-------------+--------------+--------------+--------------+--------------+
|              Event             | Counter | HWThread 60 | HWThread 61 | HWThread 62 | HWThread 63 | HWThread 188 | HWThread 189 | HWThread 190 | HWThread 191 |
+--------------------------------+---------+-------------+-------------+-------------+-------------+--------------+--------------+--------------+--------------+
|  REQUESTS_TO_L2_GRP1_ALL_NO_PF |   PMC0  |     5918991 |      814051 |      133303 |      159935 |       133248 |       139787 |       145895 |       141141 |
|         L2_PF_HIT_IN_L2        |   PMC1  |     1649888 |      397719 |       70152 |       66205 |        97285 |        72739 |        66135 |        69378 |
|         L2_PF_HIT_IN_L3        |   PMC2  |      801384 |      190524 |         589 |         512 |          449 |         1060 |          601 |          612 |
|        L2_PF_MISS_IN_L3        |   PMC3  |      244230 |      109225 |       23790 |       23951 |        23932 |        23672 |        23701 |        23914 |
| CORE_TO_L2_CACHE_REQUESTS_HITS |   PMC4  |     4012975 |      681201 |      132479 |      158276 |       133863 |       137829 |       144315 |       134071 |
|      RETIRED_INSTRUCTIONS      |   PMC5  |   392178479 |  5038609821 |     3919634 |     3952682 |      3980079 |     31741126 |      3935861 |      1829232 |
+--------------------------------+---------+-------------+-------------+-------------+-------------+--------------+--------------+--------------+--------------+

+-------------------------------------+---------+------------+---------+------------+--------------+
|                Event                | Counter |     Sum    |   Min   |     Max    |      Avg     |
+-------------------------------------+---------+------------+---------+------------+--------------+
|  REQUESTS_TO_L2_GRP1_ALL_NO_PF STAT |   PMC0  |    7586351 |  133248 |    5918991 |  948293.8750 |
|         L2_PF_HIT_IN_L2 STAT        |   PMC1  |    2489501 |   66135 |    1649888 |  311187.6250 |
|         L2_PF_HIT_IN_L3 STAT        |   PMC2  |     995731 |     449 |     801384 |  124466.3750 |
|        L2_PF_MISS_IN_L3 STAT        |   PMC3  |     496415 |   23672 |     244230 |   62051.8750 |
| CORE_TO_L2_CACHE_REQUESTS_HITS STAT |   PMC4  |    5535009 |  132479 |    4012975 |  691876.1250 |
|      RETIRED_INSTRUCTIONS STAT      |   PMC5  | 5480146914 | 1829232 | 5038609821 | 6.850184e+08 |
+-------------------------------------+---------+------------+---------+------------+--------------+

+---------------------+-------------+-------------+-------------+-------------+--------------+--------------+--------------+--------------+
|        Metric       | HWThread 60 | HWThread 61 | HWThread 62 | HWThread 63 | HWThread 188 | HWThread 189 | HWThread 190 | HWThread 191 |
+---------------------+-------------+-------------+-------------+-------------+--------------+--------------+--------------+--------------+
| Runtime (RDTSC) [s] |      1.4460 |      1.4460 |      1.4460 |      1.4460 |       1.4460 |       1.4460 |       1.4460 |       1.4460 |
|   L2 request rate   |      0.0220 |      0.0003 |      0.0581 |      0.0634 |       0.0640 |       0.0075 |       0.0600 |       0.1285 |
|     L2 miss rate    |      0.0075 |      0.0001 |      0.0064 |      0.0066 |       0.0060 |       0.0008 |       0.0066 |       0.0173 |
|    L2 miss ratio    |      0.3426 |      0.2862 |      0.1106 |      0.1042 |       0.0932 |       0.1125 |       0.1095 |       0.1344 |
|     L2 accesses     |     8614493 |     1511519 |      227834 |      250603 |       254914 |       237258 |       236332 |       235045 |
|       L2 hits       |     5662863 |     1078920 |      202631 |      224481 |       231148 |       210568 |       210450 |       203449 |
|      L2 misses      |     2951630 |      432599 |       25203 |       26122 |        23766 |        26690 |        25882 |        31596 |
+---------------------+-------------+-------------+-------------+-------------+--------------+--------------+--------------+--------------+

+--------------------------+----------+--------+---------+--------------+
|          Metric          |    Sum   |   Min  |   Max   |      Avg     |
+--------------------------+----------+--------+---------+--------------+
| Runtime (RDTSC) [s] STAT |  11.5680 | 1.4460 |  1.4460 |       1.4460 |
|   L2 request rate STAT   |   0.4038 | 0.0003 |  0.1285 |       0.0505 |
|     L2 miss rate STAT    |   0.0513 | 0.0001 |  0.0173 |       0.0064 |
|    L2 miss ratio STAT    |   1.2932 | 0.0932 |  0.3426 |       0.1617 |
|     L2 accesses STAT     | 11567998 | 227834 | 8614493 | 1.446000e+06 |
|       L2 hits STAT       |  8024510 | 202631 | 5662863 | 1.003064e+06 |
|      L2 misses STAT      |  3543488 |  23766 | 2951630 |       442936 |
+--------------------------+----------+--------+---------+--------------+

--------------------------------------------------
Profiling Prefetch with k=16:
INFO: You are running LIKWID in a cpuset with 8 CPUs. Taking given IDs as logical ID in cpuset
--------------------------------------------------------------------------------
CPU name:	AMD EPYC 7763 64-Core Processor                
CPU type:	AMD K19 (Zen3) architecture
CPU clock:	2.45 GHz
--------------------------------------------------------------------------------
--------------------------------------------------------------------------------
Group 1: L2CACHE
+--------------------------------+---------+-------------+-------------+-------------+-------------+--------------+--------------+--------------+--------------+
|              Event             | Counter | HWThread 60 | HWThread 61 | HWThread 62 | HWThread 63 | HWThread 188 | HWThread 189 | HWThread 190 | HWThread 191 |
+--------------------------------+---------+-------------+-------------+-------------+-------------+--------------+--------------+--------------+--------------+
|  REQUESTS_TO_L2_GRP1_ALL_NO_PF |   PMC0  |     5848736 |      163810 |      137170 |      828212 |       134860 |       148071 |       136604 |       140976 |
|         L2_PF_HIT_IN_L2        |   PMC1  |     1612905 |       73631 |       66989 |      356872 |        81182 |        69185 |        62905 |        71054 |
|         L2_PF_HIT_IN_L3        |   PMC2  |      800928 |         815 |         654 |      159128 |          539 |          816 |          793 |         2055 |
|        L2_PF_MISS_IN_L3        |   PMC3  |      229907 |       23855 |       23834 |      143650 |        23840 |        23640 |        23688 |        23825 |
| CORE_TO_L2_CACHE_REQUESTS_HITS |   PMC4  |     3924077 |      159426 |      135357 |      694513 |       134666 |       146569 |       135360 |       136657 |
|      RETIRED_INSTRUCTIONS      |   PMC5  |   392196574 |     3939923 |     3866591 |  5046755793 |      3949648 |      3917691 |      3864707 |     21459414 |
+--------------------------------+---------+-------------+-------------+-------------+-------------+--------------+--------------+--------------+--------------+

+-------------------------------------+---------+------------+---------+------------+--------------+
|                Event                | Counter |     Sum    |   Min   |     Max    |      Avg     |
+-------------------------------------+---------+------------+---------+------------+--------------+
|  REQUESTS_TO_L2_GRP1_ALL_NO_PF STAT |   PMC0  |    7538439 |  134860 |    5848736 |  942304.8750 |
|         L2_PF_HIT_IN_L2 STAT        |   PMC1  |    2394723 |   62905 |    1612905 |  299340.3750 |
|         L2_PF_HIT_IN_L3 STAT        |   PMC2  |     965728 |     539 |     800928 |       120716 |
|        L2_PF_MISS_IN_L3 STAT        |   PMC3  |     516239 |   23640 |     229907 |   64529.8750 |
| CORE_TO_L2_CACHE_REQUESTS_HITS STAT |   PMC4  |    5466625 |  134666 |    3924077 |  683328.1250 |
|      RETIRED_INSTRUCTIONS STAT      |   PMC5  | 5479950341 | 3864707 | 5046755793 | 6.849938e+08 |
+-------------------------------------+---------+------------+---------+------------+--------------+

+---------------------+-------------+-------------+-------------+-------------+--------------+--------------+--------------+--------------+
|        Metric       | HWThread 60 | HWThread 61 | HWThread 62 | HWThread 63 | HWThread 188 | HWThread 189 | HWThread 190 | HWThread 191 |
+---------------------+-------------+-------------+-------------+-------------+--------------+--------------+--------------+--------------+
| Runtime (RDTSC) [s] |      1.4452 |      1.4452 |      1.4452 |      1.4452 |       1.4452 |       1.4452 |       1.4452 |       1.4452 |
|   L2 request rate   |      0.0217 |      0.0665 |      0.0591 |      0.0003 |       0.0609 |       0.0617 |       0.0580 |       0.0111 |
|     L2 miss rate    |      0.0075 |      0.0074 |      0.0068 |      0.0001 |       0.0062 |       0.0066 |       0.0067 |       0.0014 |
|    L2 miss ratio    |      0.3480 |      0.1108 |      0.1150 |      0.2934 |       0.1022 |       0.1074 |       0.1148 |       0.1269 |
|     L2 accesses     |     8492476 |      262111 |      228647 |     1487862 |       240421 |       241712 |       223990 |       237910 |
|       L2 hits       |     5536982 |      233057 |      202346 |     1051385 |       215848 |       215754 |       198265 |       207711 |
|      L2 misses      |     2955494 |       29054 |       26301 |      436477 |        24573 |        25958 |        25725 |        30199 |
+---------------------+-------------+-------------+-------------+-------------+--------------+--------------+--------------+--------------+

+--------------------------+----------+--------+---------+--------------+
|          Metric          |    Sum   |   Min  |   Max   |      Avg     |
+--------------------------+----------+--------+---------+--------------+
| Runtime (RDTSC) [s] STAT |  11.5616 | 1.4452 |  1.4452 |       1.4452 |
|   L2 request rate STAT   |   0.3393 | 0.0003 |  0.0665 |       0.0424 |
|     L2 miss rate STAT    |   0.0427 | 0.0001 |  0.0075 |       0.0053 |
|    L2 miss ratio STAT    |   1.3185 | 0.1022 |  0.3480 |       0.1648 |
|     L2 accesses STAT     | 11415129 | 223990 | 8492476 | 1.426891e+06 |
|       L2 hits STAT       |  7861348 | 198265 | 5536982 |  982668.5000 |
|      L2 misses STAT      |  3553781 |  24573 | 2955494 |  444222.6250 |
+--------------------------+----------+--------+---------+--------------+

--------------------------------------------------
Profiling Prefetch with k=32:
INFO: You are running LIKWID in a cpuset with 8 CPUs. Taking given IDs as logical ID in cpuset
--------------------------------------------------------------------------------
CPU name:	AMD EPYC 7763 64-Core Processor                
CPU type:	AMD K19 (Zen3) architecture
CPU clock:	2.45 GHz
--------------------------------------------------------------------------------
--------------------------------------------------------------------------------
Group 1: L2CACHE
+--------------------------------+---------+-------------+-------------+-------------+-------------+--------------+--------------+--------------+--------------+
|              Event             | Counter | HWThread 60 | HWThread 61 | HWThread 62 | HWThread 63 | HWThread 188 | HWThread 189 | HWThread 190 | HWThread 191 |
+--------------------------------+---------+-------------+-------------+-------------+-------------+--------------+--------------+--------------+--------------+
|  REQUESTS_TO_L2_GRP1_ALL_NO_PF |   PMC0  |     5890670 |      140513 |      764246 |      135192 |       137020 |       170412 |       199730 |       147049 |
|         L2_PF_HIT_IN_L2        |   PMC1  |     1609414 |       87180 |      391652 |       57698 |        73531 |        72009 |       107284 |        63733 |
|         L2_PF_HIT_IN_L3        |   PMC2  |      812982 |         708 |      156462 |         500 |          512 |          656 |         4312 |          647 |
|        L2_PF_MISS_IN_L3        |   PMC3  |      219235 |       23876 |      135386 |       23905 |        23888 |        23641 |        29698 |        23805 |
| CORE_TO_L2_CACHE_REQUESTS_HITS |   PMC4  |     3983526 |      138513 |      641505 |      135428 |       137533 |       167241 |       179244 |       142889 |
|      RETIRED_INSTRUCTIONS      |   PMC5  |   392200013 |     3982258 |  5029538282 |     3933385 |      4015295 |      3998242 |     40882061 |      1825054 |
+--------------------------------+---------+-------------+-------------+-------------+-------------+--------------+--------------+--------------+--------------+

+-------------------------------------+---------+------------+---------+------------+--------------+
|                Event                | Counter |     Sum    |   Min   |     Max    |      Avg     |
+-------------------------------------+---------+------------+---------+------------+--------------+
|  REQUESTS_TO_L2_GRP1_ALL_NO_PF STAT |   PMC0  |    7584832 |  135192 |    5890670 |       948104 |
|         L2_PF_HIT_IN_L2 STAT        |   PMC1  |    2462501 |   57698 |    1609414 |  307812.6250 |
|         L2_PF_HIT_IN_L3 STAT        |   PMC2  |     976779 |     500 |     812982 |  122097.3750 |
|        L2_PF_MISS_IN_L3 STAT        |   PMC3  |     503434 |   23641 |     219235 |   62929.2500 |
| CORE_TO_L2_CACHE_REQUESTS_HITS STAT |   PMC4  |    5525879 |  135428 |    3983526 |  690734.8750 |
|      RETIRED_INSTRUCTIONS STAT      |   PMC5  | 5480374590 | 1825054 | 5029538282 | 6.850468e+08 |
+-------------------------------------+---------+------------+---------+------------+--------------+

+---------------------+-------------+-------------+-------------+-------------+--------------+--------------+--------------+--------------+
|        Metric       | HWThread 60 | HWThread 61 | HWThread 62 | HWThread 63 | HWThread 188 | HWThread 189 | HWThread 190 | HWThread 191 |
+---------------------+-------------+-------------+-------------+-------------+--------------+--------------+--------------+--------------+
| Runtime (RDTSC) [s] |      1.4468 |      1.4468 |      1.4468 |      1.4468 |       1.4468 |       1.4468 |       1.4468 |       1.4468 |
|   L2 request rate   |      0.0218 |      0.0634 |      0.0003 |      0.0552 |       0.0585 |       0.0667 |       0.0083 |       0.1289 |
|     L2 miss rate    |      0.0075 |      0.0067 |      0.0001 |      0.0061 |       0.0059 |       0.0069 |       0.0013 |       0.0157 |
|    L2 miss ratio    |      0.3445 |      0.1054 |      0.2864 |      0.1112 |       0.1017 |       0.1030 |       0.1598 |       0.1216 |
|     L2 accesses     |     8532301 |      252277 |     1447746 |      217295 |       234951 |       266718 |       341024 |       235234 |
|       L2 hits       |     5592940 |      225693 |     1033157 |      193126 |       211064 |       239250 |       286528 |       206622 |
|      L2 misses      |     2939361 |       26584 |      414589 |       24169 |        23887 |        27468 |        54496 |        28612 |
+---------------------+-------------+-------------+-------------+-------------+--------------+--------------+--------------+--------------+

+--------------------------+----------+--------+---------+--------------+
|          Metric          |    Sum   |   Min  |   Max   |      Avg     |
+--------------------------+----------+--------+---------+--------------+
| Runtime (RDTSC) [s] STAT |  11.5744 | 1.4468 |  1.4468 |       1.4468 |
|   L2 request rate STAT   |   0.4031 | 0.0003 |  0.1289 |       0.0504 |
|     L2 miss rate STAT    |   0.0502 | 0.0001 |  0.0157 |       0.0063 |
|    L2 miss ratio STAT    |   1.3336 | 0.1017 |  0.3445 |       0.1667 |
|     L2 accesses STAT     | 11527546 | 217295 | 8532301 | 1.440943e+06 |
|       L2 hits STAT       |  7988380 | 193126 | 5592940 |  998547.5000 |
|      L2 misses STAT      |  3539166 |  23887 | 2939361 |  442395.7500 |
+--------------------------+----------+--------+---------+--------------+

--------------------------------------------------
Profiling Prefetch with k=64:
INFO: You are running LIKWID in a cpuset with 8 CPUs. Taking given IDs as logical ID in cpuset
--------------------------------------------------------------------------------
CPU name:	AMD EPYC 7763 64-Core Processor                
CPU type:	AMD K19 (Zen3) architecture
CPU clock:	2.45 GHz
--------------------------------------------------------------------------------
--------------------------------------------------------------------------------
Group 1: L2CACHE
+--------------------------------+---------+-------------+-------------+-------------+-------------+--------------+--------------+--------------+--------------+
|              Event             | Counter | HWThread 60 | HWThread 61 | HWThread 62 | HWThread 63 | HWThread 188 | HWThread 189 | HWThread 190 | HWThread 191 |
+--------------------------------+---------+-------------+-------------+-------------+-------------+--------------+--------------+--------------+--------------+
|  REQUESTS_TO_L2_GRP1_ALL_NO_PF |   PMC0  |     5840772 |      153939 |      153428 |      779303 |       151189 |       151953 |       183826 |       211744 |
|         L2_PF_HIT_IN_L2        |   PMC1  |     1589750 |      109543 |       82586 |      411903 |        86383 |        79794 |        83684 |       120259 |
|         L2_PF_HIT_IN_L3        |   PMC2  |      581632 |         627 |         534 |      182228 |          497 |          545 |          678 |         4784 |
|        L2_PF_MISS_IN_L3        |   PMC3  |      417260 |       23857 |       23813 |      113368 |        23913 |        23667 |        23747 |        30119 |
| CORE_TO_L2_CACHE_REQUESTS_HITS |   PMC4  |     3888626 |      153088 |      152710 |      661181 |       151742 |       152550 |       181140 |       186955 |
|      RETIRED_INSTRUCTIONS      |   PMC5  |   392209917 |     4049662 |     3999256 |  5028727191 |      4079958 |      4038557 |      4025237 |     39741871 |
+--------------------------------+---------+-------------+-------------+-------------+-------------+--------------+--------------+--------------+--------------+

+-------------------------------------+---------+------------+---------+------------+--------------+
|                Event                | Counter |     Sum    |   Min   |     Max    |      Avg     |
+-------------------------------------+---------+------------+---------+------------+--------------+
|  REQUESTS_TO_L2_GRP1_ALL_NO_PF STAT |   PMC0  |    7626154 |  151189 |    5840772 |  953269.2500 |
|         L2_PF_HIT_IN_L2 STAT        |   PMC1  |    2563902 |   79794 |    1589750 |  320487.7500 |
|         L2_PF_HIT_IN_L3 STAT        |   PMC2  |     771525 |     497 |     581632 |   96440.6250 |
|        L2_PF_MISS_IN_L3 STAT        |   PMC3  |     679744 |   23667 |     417260 |        84968 |
| CORE_TO_L2_CACHE_REQUESTS_HITS STAT |   PMC4  |    5527992 |  151742 |    3888626 |       690999 |
|      RETIRED_INSTRUCTIONS STAT      |   PMC5  | 5480871649 | 3999256 | 5028727191 | 6.851090e+08 |
+-------------------------------------+---------+------------+---------+------------+--------------+

+---------------------+-------------+-------------+-------------+-------------+--------------+--------------+--------------+--------------+
|        Metric       | HWThread 60 | HWThread 61 | HWThread 62 | HWThread 63 | HWThread 188 | HWThread 189 | HWThread 190 | HWThread 191 |
+---------------------+-------------+-------------+-------------+-------------+--------------+--------------+--------------+--------------+
| Runtime (RDTSC) [s] |      1.4780 |      1.4780 |      1.4780 |      1.4780 |       1.4780 |       1.4780 |       1.4780 |       1.4780 |
|   L2 request rate   |      0.0215 |      0.0711 |      0.0651 |      0.0003 |       0.0642 |       0.0634 |       0.0725 |       0.0092 |
|     L2 miss rate    |      0.0075 |      0.0063 |      0.0063 |      0.0001 |       0.0058 |       0.0058 |       0.0067 |       0.0015 |
|    L2 miss ratio    |      0.3501 |      0.0880 |      0.0963 |      0.2783 |       0.0911 |       0.0923 |       0.0929 |       0.1627 |
|     L2 accesses     |     8429414 |      287966 |      260361 |     1486802 |       261982 |       255959 |       291935 |       366906 |
|       L2 hits       |     5478376 |      262631 |      235296 |     1073084 |       238125 |       232344 |       264824 |       307214 |
|      L2 misses      |     2951038 |       25335 |       25065 |      413718 |        23857 |        23615 |        27111 |        59692 |
+---------------------+-------------+-------------+-------------+-------------+--------------+--------------+--------------+--------------+

+--------------------------+----------+--------+---------+--------------+
|          Metric          |    Sum   |   Min  |   Max   |      Avg     |
+--------------------------+----------+--------+---------+--------------+
| Runtime (RDTSC) [s] STAT |  11.8240 | 1.4780 |  1.4780 |       1.4780 |
|   L2 request rate STAT   |   0.3673 | 0.0003 |  0.0725 |       0.0459 |
|     L2 miss rate STAT    |   0.0400 | 0.0001 |  0.0075 |       0.0050 |
|    L2 miss ratio STAT    |   1.2517 | 0.0880 |  0.3501 |       0.1565 |
|     L2 accesses STAT     | 11641325 | 255959 | 8429414 | 1.455166e+06 |
|       L2 hits STAT       |  8091894 | 232344 | 5478376 | 1.011487e+06 |
|      L2 misses STAT      |  3549431 |  23615 | 2951038 |  443678.8750 |
+--------------------------+----------+--------+---------+--------------+

--------------------------------------------------
