==PROF== Connected to process 3677614 (/srv/home/veluradhakri/project/spmv_stage2)
==PROF== Profiling "spmv_warp_kernel" - 0: 0%....50%....100% - 7 passes
Stage 2 (Warp-Level) Time: 910.093 ms
==PROF== Disconnected from process 3677614
[3677614] spmv_stage2@127.0.0.1
  spmv_warp_kernel(int, const int *, const int *, const double *, const double *, double *) (1250, 1, 1)x(256, 1, 1), Context 1, Stream 7, Device 0, CC 8.9
    Section: Memory Workload Analysis
    -------------------------------------- ----------- ------------
    Metric Name                            Metric Unit Metric Value
    -------------------------------------- ----------- ------------
    Local Memory Spilling Requests                          no data
    Local Memory Spilling Request Overhead           %      no data
    Memory Throughput                          Gbyte/s       151.04
    Mem Busy                                         %        36.71
    Max Bandwidth                                    %        55.64
    L1/TEX Hit Rate                                  %        51.63
    L2 Persisting Size                           Mbyte         7.86
    L2 Compression Success Rate                      %            0
    L2 Compression Ratio                                          0
    L2 Compression Input Sectors                sector            0
    L2 Hit Rate                                      %        47.44
    Mem Pipes Busy                                   %        26.24
    -------------------------------------- ----------- ------------

